// Jest Snapshot v1, https://goo.gl/fbAQLP

exports[`Location renders correctly 1`] = `ShallowWrapper {}`;
